<?xml version="1.0" encoding="UTF-8"?>
<TestRun id="f6a0feaf-1bb0-45ac-8f4b-57765b0bad43" name="gwatson (2012-03-18 19:25:01)" runUser="NUSTUDENT\gwatson" xmlns="http://microsoft.com/schemas/VisualStudio/TeamTest/2010">
  <TestSettings name="LocalCodeCoverage" id="ec93bdfa-e2b8-47a6-a2aa-09dc288ce4c8">
    <Description>These are default test settings for a local test run.</Description>
    <Deployment runDeploymentRoot="gwatson _2012-03-18 19_25_01_">
      <DeploymentItem filename="C:\Users\gwatson\Desktop\SA\PersistentArray\SADatabase\FilePersistence\bin\Debug\FilePersistence.dll" />
      <DeploymentItem filename="C:\Users\gwatson\Desktop\SA\PersistentArray\SADatabase\CPA\bin\Debug\CPA.dll" />
      <DeploymentItem filename="C:\Users\gwatson\Desktop\SA\PersistentArray\SADatabase\ByteHelperUnitTest\bin\Debug\ByteHelperUnitTest.dll" />
      <DeploymentItem filename="C:\Users\gwatson\Desktop\SA\PersistentArray\SADatabase\PersistentArrayUnitTest\bin\Debug\PAUnitTest.dll" />
      <DeploymentItem filename="C:\Users\gwatson\Desktop\SA\PersistentArray\SADatabase\Interfaces\bin\Debug\Interfaces.dll" />
      <DeploymentItem filename="C:\Users\gwatson\Desktop\SA\PersistentArray\SADatabase\PA\bin\Debug\PA.dll" />
    </Deployment>
    <NamingScheme baseName="gwatson" useDefault="false" />
    <Execution>
      <TestTypeSpecific>
        <UnitTestRunConfig testTypeId="13cdc9d9-ddb5-4fa4-a97d-d965ccfc6d4b">
          <AssemblyResolution>
            <TestDirectory useLoadContext="true" />
          </AssemblyResolution>
        </UnitTestRunConfig>
        <WebTestRunConfiguration testTypeId="4e7599fa-5ecb-43e9-a887-cd63cf72d207">
          <Browser name="Internet Explorer 7.0">
            <Headers>
              <Header name="User-Agent" value="Mozilla/4.0 (compatible; MSIE 7.0; Windows NT 5.1)" />
              <Header name="Accept" value="*/*" />
              <Header name="Accept-Language" value="{{$IEAcceptLanguage}}" />
              <Header name="Accept-Encoding" value="GZIP" />
            </Headers>
          </Browser>
        </WebTestRunConfiguration>
      </TestTypeSpecific>
      <AgentRule name="LocalMachineDefaultRole">
        <DataCollectors>
          <DataCollector uri="datacollector://microsoft/CodeCoverage/1.0" assemblyQualifiedName="Microsoft.VisualStudio.TestTools.CodeCoverage.CoveragePlugIn, Microsoft.VisualStudio.QualityTools.Plugins.CodeCoverage, Version=10.0.0.0, Culture=neutral, PublicKeyToken=b03f5f7f11d50a3a" friendlyName="Code Coverage" enabled="false">
            <Configuration>
              <CodeCoverage xmlns="">
                <Regular>
                  <CodeCoverageItem binaryFile="PLL\bin\Debug\PLL.dll" pdbFile="PLL\bin\Debug\PLL.pdb" instrumentInPlace="true" />
                  <CodeCoverageItem binaryFile="PAFS\bin\Debug\PAFS.dll" pdbFile="PAFS\bin\Debug\PAFS.pdb" instrumentInPlace="true" />
                  <CodeCoverageItem binaryFile="PA\bin\Debug\PA.dll" pdbFile="PA\bin\Debug\PA.pdb" instrumentInPlace="true" />
                  <CodeCoverageItem binaryFile="CPA\bin\Debug\CPA.dll" pdbFile="CPA\bin\Debug\CPA.pdb" instrumentInPlace="true" />
                </Regular>
              </CodeCoverage>
            </Configuration>
          </DataCollector>
        </DataCollectors>
      </AgentRule>
    </Execution>
  </TestSettings>
  <Times creation="2012-03-18T19:25:01.6762671-06:00" queuing="2012-03-18T19:25:05.1754672-06:00" start="2012-03-18T19:25:05.5054861-06:00" finish="2012-03-18T19:25:20.0133159-06:00" />
  <ResultSummary outcome="Error">
    <Counters total="20" executed="20" passed="19" error="0" failed="0" timeout="0" aborted="1" inconclusive="0" passedButRunAborted="0" notRunnable="0" notExecuted="0" disconnected="0" warning="0" completed="0" inProgress="0" pending="0" />
    <RunInfos>
      <RunInfo computerName="WATSON1491" outcome="Error" timestamp="2012-03-18T19:25:20.0083156-06:00">
        <Text>Test host process exited unexpectedly.</Text>
      </RunInfo>
    </RunInfos>
  </ResultSummary>
  <TestDefinitions>
    <UnitTest name="PutGetUserHeaderTest" storage="c:\users\gwatson\desktop\sa\persistentarray\sadatabase\cpaunittest\bin\debug\cpaunittest.dll" id="7ad6c21f-feaf-20c3-6794-ee2d02f21a1c">
      <Execution id="fc0a88af-8e10-426d-9858-24664d94aca8" />
      <TestMethod codeBase="C:\Users\gwatson\Desktop\SA\PersistentArray\SADatabase\CPAUnitTest\bin\Debug\CPAUnitTest.dll" adapterTypeName="Microsoft.VisualStudio.TestTools.TestTypes.Unit.UnitTestAdapter, Microsoft.VisualStudio.QualityTools.Tips.UnitTest.Adapter, Version=10.0.0.0, Culture=neutral, PublicKeyToken=b03f5f7f11d50a3a" className="CPAUnitTest.CachedIArrayTest, CPAUnitTest" name="PutGetUserHeaderTest" />
    </UnitTest>
    <UnitTest name="LRUDoublyLinkedListCtorTest" storage="c:\users\gwatson\desktop\sa\persistentarray\sadatabase\cpaunittest\bin\debug\cpaunittest.dll" id="ea353cbf-1840-4b47-9557-83373d54727c">
      <Execution id="c2f62edb-7293-4d42-958c-ac8e1cc4ade9" />
      <TestMethod codeBase="C:\Users\gwatson\Desktop\SA\PersistentArray\SADatabase\CPAUnitTest\bin\Debug\CPAUnitTest.dll" adapterTypeName="Microsoft.VisualStudio.TestTools.TestTypes.Unit.UnitTestAdapter, Microsoft.VisualStudio.QualityTools.Tips.UnitTest.Adapter, Version=10.0.0.0, Culture=neutral, PublicKeyToken=b03f5f7f11d50a3a" className="CPAUnitTest.LRUDoubleLinkedListTest, CPAUnitTest" name="LRUDoublyLinkedListCtorTest" />
    </UnitTest>
    <UnitTest name="SetParentTest" storage="c:\users\gwatson\desktop\sa\persistentarray\sadatabase\cpaunittest\bin\debug\cpaunittest.dll" id="81c26981-166a-e776-7c32-8b14e45e71af">
      <Execution id="a0fb3eb6-a634-4283-89c0-8eb94d53b878" />
      <TestMethod codeBase="C:\Users\gwatson\Desktop\SA\PersistentArray\SADatabase\CPAUnitTest\bin\Debug\CPAUnitTest.dll" adapterTypeName="Microsoft.VisualStudio.TestTools.TestTypes.Unit.UnitTestAdapter, Microsoft.VisualStudio.QualityTools.Tips.UnitTest.Adapter, Version=10.0.0.0, Culture=neutral, PublicKeyToken=b03f5f7f11d50a3a" className="CPAUnitTest.NodeTest, CPAUnitTest" name="SetParentTest" />
    </UnitTest>
    <UnitTest name="CreateCtorTest" storage="c:\users\gwatson\desktop\sa\persistentarray\sadatabase\cpaunittest\bin\debug\cpaunittest.dll" id="414c1d58-8de9-a775-6ff6-4a9efb4178ab">
      <Execution id="611cc747-01ef-44a7-8ab2-b99474dfb6d6" />
      <TestMethod codeBase="C:\Users\gwatson\Desktop\SA\PersistentArray\SADatabase\CPAUnitTest\bin\Debug\CPAUnitTest.dll" adapterTypeName="Microsoft.VisualStudio.TestTools.TestTypes.Unit.UnitTestAdapter, Microsoft.VisualStudio.QualityTools.Tips.UnitTest.Adapter, Version=10.0.0.0, Culture=neutral, PublicKeyToken=b03f5f7f11d50a3a" className="CPAUnitTest.CachedIArrayTest, CPAUnitTest" name="CreateCtorTest" />
    </UnitTest>
    <UnitTest name="GetUserHeaderSizeTest" storage="c:\users\gwatson\desktop\sa\persistentarray\sadatabase\cpaunittest\bin\debug\cpaunittest.dll" id="a98f558f-9bab-5d3b-882a-663d5ff5ae97">
      <Execution id="b6e15116-6204-4c40-b05e-ba59ac5f3d4b" />
      <TestMethod codeBase="C:\Users\gwatson\Desktop\SA\PersistentArray\SADatabase\CPAUnitTest\bin\Debug\CPAUnitTest.dll" adapterTypeName="Microsoft.VisualStudio.TestTools.TestTypes.Unit.UnitTestAdapter, Microsoft.VisualStudio.QualityTools.Tips.UnitTest.Adapter, Version=10.0.0.0, Culture=neutral, PublicKeyToken=b03f5f7f11d50a3a" className="CPAUnitTest.CachedIArrayTest, CPAUnitTest" name="GetUserHeaderSizeTest" />
    </UnitTest>
    <UnitTest name="GetNextIndexTest" storage="c:\users\gwatson\desktop\sa\persistentarray\sadatabase\cpaunittest\bin\debug\cpaunittest.dll" id="c5e39726-deec-c4f7-824b-1e41432b6b87">
      <Execution id="5dfef9bf-6002-4af6-b9d4-b7c92b4c7f8d" />
      <TestMethod codeBase="C:\Users\gwatson\Desktop\SA\PersistentArray\SADatabase\CPAUnitTest\bin\Debug\CPAUnitTest.dll" adapterTypeName="Microsoft.VisualStudio.TestTools.TestTypes.Unit.UnitTestAdapter, Microsoft.VisualStudio.QualityTools.Tips.UnitTest.Adapter, Version=10.0.0.0, Culture=neutral, PublicKeyToken=b03f5f7f11d50a3a" className="CPAUnitTest.CachedIArrayTest, CPAUnitTest" name="GetNextIndexTest" />
    </UnitTest>
    <UnitTest name="RemoveEndTest" storage="c:\users\gwatson\desktop\sa\persistentarray\sadatabase\cpaunittest\bin\debug\cpaunittest.dll" id="2034f3b2-84ce-b459-b009-777707c460e9">
      <Execution id="995d7f60-1b87-4faf-9582-cfdac8648da2" />
      <TestMethod codeBase="C:\Users\gwatson\Desktop\SA\PersistentArray\SADatabase\CPAUnitTest\bin\Debug\CPAUnitTest.dll" adapterTypeName="Microsoft.VisualStudio.TestTools.TestTypes.Unit.UnitTestAdapter, Microsoft.VisualStudio.QualityTools.Tips.UnitTest.Adapter, Version=10.0.0.0, Culture=neutral, PublicKeyToken=b03f5f7f11d50a3a" className="CPAUnitTest.LRUDoubleLinkedListTest, CPAUnitTest" name="RemoveEndTest" />
    </UnitTest>
    <UnitTest name="MoveToHeadTest" storage="c:\users\gwatson\desktop\sa\persistentarray\sadatabase\cpaunittest\bin\debug\cpaunittest.dll" id="ac390c29-8921-eb5c-8cbb-15dff0c6c040">
      <Execution id="f895acae-0e0c-4038-9bd5-c05bf6588218" />
      <TestMethod codeBase="C:\Users\gwatson\Desktop\SA\PersistentArray\SADatabase\CPAUnitTest\bin\Debug\CPAUnitTest.dll" adapterTypeName="Microsoft.VisualStudio.TestTools.TestTypes.Unit.UnitTestAdapter, Microsoft.VisualStudio.QualityTools.Tips.UnitTest.Adapter, Version=10.0.0.0, Culture=neutral, PublicKeyToken=b03f5f7f11d50a3a" className="CPAUnitTest.LRUDoubleLinkedListTest, CPAUnitTest" name="MoveToHeadTest" />
    </UnitTest>
    <UnitTest name="InsertTest" storage="c:\users\gwatson\desktop\sa\persistentarray\sadatabase\cpaunittest\bin\debug\cpaunittest.dll" id="affe1ef8-a55d-611e-f219-a825233a32ae">
      <Execution id="c28876f9-74dc-4676-a2c0-99d748da988e" />
      <TestMethod codeBase="C:\Users\gwatson\Desktop\SA\PersistentArray\SADatabase\CPAUnitTest\bin\Debug\CPAUnitTest.dll" adapterTypeName="Microsoft.VisualStudio.TestTools.TestTypes.Unit.UnitTestAdapter, Microsoft.VisualStudio.QualityTools.Tips.UnitTest.Adapter, Version=10.0.0.0, Culture=neutral, PublicKeyToken=b03f5f7f11d50a3a" className="CPAUnitTest.LRUDoubleLinkedListTest, CPAUnitTest" name="InsertTest" />
    </UnitTest>
    <UnitTest name="NodeCtorTest" storage="c:\users\gwatson\desktop\sa\persistentarray\sadatabase\cpaunittest\bin\debug\cpaunittest.dll" id="b1c5d96c-054d-4348-7a86-0ce106021a41">
      <Execution id="d4285e81-2fa1-461f-97f7-066554a3dc64" />
      <TestMethod codeBase="C:\Users\gwatson\Desktop\SA\PersistentArray\SADatabase\CPAUnitTest\bin\Debug\CPAUnitTest.dll" adapterTypeName="Microsoft.VisualStudio.TestTools.TestTypes.Unit.UnitTestAdapter, Microsoft.VisualStudio.QualityTools.Tips.UnitTest.Adapter, Version=10.0.0.0, Culture=neutral, PublicKeyToken=b03f5f7f11d50a3a" className="CPAUnitTest.NodeTest, CPAUnitTest" name="NodeCtorTest" />
    </UnitTest>
    <UnitTest name="GetTest" storage="c:\users\gwatson\desktop\sa\persistentarray\sadatabase\cpaunittest\bin\debug\cpaunittest.dll" id="386c50f6-2d09-529c-8336-cdd485ffb439">
      <Execution id="9e1ea899-912a-4fee-933e-2577287d621d" />
      <TestMethod codeBase="C:\Users\gwatson\Desktop\SA\PersistentArray\SADatabase\CPAUnitTest\bin\Debug\CPAUnitTest.dll" adapterTypeName="Microsoft.VisualStudio.TestTools.TestTypes.Unit.UnitTestAdapter, Microsoft.VisualStudio.QualityTools.Tips.UnitTest.Adapter, Version=10.0.0.0, Culture=neutral, PublicKeyToken=b03f5f7f11d50a3a" className="CPAUnitTest.LRUElementCacheTest, CPAUnitTest" name="GetTest" />
    </UnitTest>
    <UnitTest name="GetElementSizeTest" storage="c:\users\gwatson\desktop\sa\persistentarray\sadatabase\cpaunittest\bin\debug\cpaunittest.dll" id="17c74e86-2a6c-cb27-d667-6f54dbf65bde">
      <Execution id="9cbe3897-9914-4146-b29d-25b1f185126f" />
      <TestMethod codeBase="C:\Users\gwatson\Desktop\SA\PersistentArray\SADatabase\CPAUnitTest\bin\Debug\CPAUnitTest.dll" adapterTypeName="Microsoft.VisualStudio.TestTools.TestTypes.Unit.UnitTestAdapter, Microsoft.VisualStudio.QualityTools.Tips.UnitTest.Adapter, Version=10.0.0.0, Culture=neutral, PublicKeyToken=b03f5f7f11d50a3a" className="CPAUnitTest.CachedIArrayTest, CPAUnitTest" name="GetElementSizeTest" />
    </UnitTest>
    <UnitTest name="SetChildTest" storage="c:\users\gwatson\desktop\sa\persistentarray\sadatabase\cpaunittest\bin\debug\cpaunittest.dll" id="715794aa-fc77-0689-abff-ac88adbeef1b">
      <Execution id="705fcd76-0d36-48a5-bb27-9ab5bdb87ea2" />
      <TestMethod codeBase="C:\Users\gwatson\Desktop\SA\PersistentArray\SADatabase\CPAUnitTest\bin\Debug\CPAUnitTest.dll" adapterTypeName="Microsoft.VisualStudio.TestTools.TestTypes.Unit.UnitTestAdapter, Microsoft.VisualStudio.QualityTools.Tips.UnitTest.Adapter, Version=10.0.0.0, Culture=neutral, PublicKeyToken=b03f5f7f11d50a3a" className="CPAUnitTest.NodeTest, CPAUnitTest" name="SetChildTest" />
    </UnitTest>
    <UnitTest name="CloseTest" storage="c:\users\gwatson\desktop\sa\persistentarray\sadatabase\cpaunittest\bin\debug\cpaunittest.dll" id="71ffb975-3ee7-3930-0f3e-7889b95a130e">
      <Execution id="1e236a63-79bb-42b8-a000-d9f883420b3f" />
      <TestMethod codeBase="C:\Users\gwatson\Desktop\SA\PersistentArray\SADatabase\CPAUnitTest\bin\Debug\CPAUnitTest.dll" adapterTypeName="Microsoft.VisualStudio.TestTools.TestTypes.Unit.UnitTestAdapter, Microsoft.VisualStudio.QualityTools.Tips.UnitTest.Adapter, Version=10.0.0.0, Culture=neutral, PublicKeyToken=b03f5f7f11d50a3a" className="CPAUnitTest.CachedIArrayTest, CPAUnitTest" name="CloseTest" />
    </UnitTest>
    <UnitTest name="GetTest" storage="c:\users\gwatson\desktop\sa\persistentarray\sadatabase\cpaunittest\bin\debug\cpaunittest.dll" id="68db09fd-1e84-1d00-a06a-8d3d340b6754">
      <Execution id="46eb2a69-fbba-48d0-bbd2-7bbf739a3916" />
      <TestMethod codeBase="C:\Users\gwatson\Desktop\SA\PersistentArray\SADatabase\CPAUnitTest\bin\Debug\CPAUnitTest.dll" adapterTypeName="Microsoft.VisualStudio.TestTools.TestTypes.Unit.UnitTestAdapter, Microsoft.VisualStudio.QualityTools.Tips.UnitTest.Adapter, Version=10.0.0.0, Culture=neutral, PublicKeyToken=b03f5f7f11d50a3a" className="CPAUnitTest.LRUDoubleLinkedListTest, CPAUnitTest" name="GetTest" />
    </UnitTest>
    <UnitTest name="GetTest" storage="c:\users\gwatson\desktop\sa\persistentarray\sadatabase\cpaunittest\bin\debug\cpaunittest.dll" id="4aeb4eda-2347-4daf-0915-85bd224c5d85">
      <Execution id="e316e9b0-16f4-4e4a-abf5-e53101e50c1f" />
      <TestMethod codeBase="C:\Users\gwatson\Desktop\SA\PersistentArray\SADatabase\CPAUnitTest\bin\Debug\CPAUnitTest.dll" adapterTypeName="Microsoft.VisualStudio.TestTools.TestTypes.Unit.UnitTestAdapter, Microsoft.VisualStudio.QualityTools.Tips.UnitTest.Adapter, Version=10.0.0.0, Culture=neutral, PublicKeyToken=b03f5f7f11d50a3a" className="CPAUnitTest.CachedIArrayTest, CPAUnitTest" name="GetTest" />
    </UnitTest>
    <UnitTest name="PutTest" storage="c:\users\gwatson\desktop\sa\persistentarray\sadatabase\cpaunittest\bin\debug\cpaunittest.dll" id="b1852ad4-9275-e058-ea39-b89e2980d650">
      <Execution id="0c1fab6d-386c-4139-bc37-b4717606cd85" />
      <TestMethod codeBase="C:\Users\gwatson\Desktop\SA\PersistentArray\SADatabase\CPAUnitTest\bin\Debug\CPAUnitTest.dll" adapterTypeName="Microsoft.VisualStudio.TestTools.TestTypes.Unit.UnitTestAdapter, Microsoft.VisualStudio.QualityTools.Tips.UnitTest.Adapter, Version=10.0.0.0, Culture=neutral, PublicKeyToken=b03f5f7f11d50a3a" className="CPAUnitTest.CachedIArrayTest, CPAUnitTest" name="PutTest" />
    </UnitTest>
    <UnitTest name="LRUElementCacheCtorTest" storage="c:\users\gwatson\desktop\sa\persistentarray\sadatabase\cpaunittest\bin\debug\cpaunittest.dll" id="818a96ef-af23-e852-2659-31e5781f9e2c">
      <Execution id="eccd540b-5b45-41a0-b0b8-cd1eb9234ba3" />
      <TestMethod codeBase="C:\Users\gwatson\Desktop\SA\PersistentArray\SADatabase\CPAUnitTest\bin\Debug\CPAUnitTest.dll" adapterTypeName="Microsoft.VisualStudio.TestTools.TestTypes.Unit.UnitTestAdapter, Microsoft.VisualStudio.QualityTools.Tips.UnitTest.Adapter, Version=10.0.0.0, Culture=neutral, PublicKeyToken=b03f5f7f11d50a3a" className="CPAUnitTest.LRUElementCacheTest, CPAUnitTest" name="LRUElementCacheCtorTest" />
    </UnitTest>
    <UnitTest name="WipeIndexTest" storage="c:\users\gwatson\desktop\sa\persistentarray\sadatabase\cpaunittest\bin\debug\cpaunittest.dll" id="b1842f56-d68c-936e-0289-fc1c1f6a341f">
      <Execution id="80da6591-471d-4920-b667-0e3085d08ec0" />
      <TestMethod codeBase="C:\Users\gwatson\Desktop\SA\PersistentArray\SADatabase\CPAUnitTest\bin\Debug\CPAUnitTest.dll" adapterTypeName="Microsoft.VisualStudio.TestTools.TestTypes.Unit.UnitTestAdapter, Microsoft.VisualStudio.QualityTools.Tips.UnitTest.Adapter, Version=10.0.0.0, Culture=neutral, PublicKeyToken=b03f5f7f11d50a3a" className="CPAUnitTest.CachedIArrayTest, CPAUnitTest" name="WipeIndexTest" />
    </UnitTest>
    <UnitTest name="ReopenTest" storage="c:\users\gwatson\desktop\sa\persistentarray\sadatabase\cpaunittest\bin\debug\cpaunittest.dll" id="920909e7-20b2-d96d-ce3c-d1b8d6e41092">
      <Execution id="7cad1cab-5d65-4a0f-977b-fb626b307ef6" />
      <TestMethod codeBase="C:\Users\gwatson\Desktop\SA\PersistentArray\SADatabase\CPAUnitTest\bin\Debug\CPAUnitTest.dll" adapterTypeName="Microsoft.VisualStudio.TestTools.TestTypes.Unit.UnitTestAdapter, Microsoft.VisualStudio.QualityTools.Tips.UnitTest.Adapter, Version=10.0.0.0, Culture=neutral, PublicKeyToken=b03f5f7f11d50a3a" className="CPAUnitTest.CachedIArrayTest, CPAUnitTest" name="ReopenTest" />
    </UnitTest>
  </TestDefinitions>
  <TestLists>
    <TestList name="Results Not in a List" id="8c84fa94-04c1-424b-9868-57a2d4851a1d" />
    <TestList name="All Loaded Results" id="19431567-8539-422a-85d7-44ee4e166bda" />
  </TestLists>
  <TestEntries>
    <TestEntry testId="414c1d58-8de9-a775-6ff6-4a9efb4178ab" executionId="611cc747-01ef-44a7-8ab2-b99474dfb6d6" testListId="8c84fa94-04c1-424b-9868-57a2d4851a1d" />
    <TestEntry testId="920909e7-20b2-d96d-ce3c-d1b8d6e41092" executionId="7cad1cab-5d65-4a0f-977b-fb626b307ef6" testListId="8c84fa94-04c1-424b-9868-57a2d4851a1d" />
    <TestEntry testId="b1852ad4-9275-e058-ea39-b89e2980d650" executionId="0c1fab6d-386c-4139-bc37-b4717606cd85" testListId="8c84fa94-04c1-424b-9868-57a2d4851a1d" />
    <TestEntry testId="4aeb4eda-2347-4daf-0915-85bd224c5d85" executionId="e316e9b0-16f4-4e4a-abf5-e53101e50c1f" testListId="8c84fa94-04c1-424b-9868-57a2d4851a1d" />
    <TestEntry testId="71ffb975-3ee7-3930-0f3e-7889b95a130e" executionId="1e236a63-79bb-42b8-a000-d9f883420b3f" testListId="8c84fa94-04c1-424b-9868-57a2d4851a1d" />
    <TestEntry testId="17c74e86-2a6c-cb27-d667-6f54dbf65bde" executionId="9cbe3897-9914-4146-b29d-25b1f185126f" testListId="8c84fa94-04c1-424b-9868-57a2d4851a1d" />
    <TestEntry testId="a98f558f-9bab-5d3b-882a-663d5ff5ae97" executionId="b6e15116-6204-4c40-b05e-ba59ac5f3d4b" testListId="8c84fa94-04c1-424b-9868-57a2d4851a1d" />
    <TestEntry testId="c5e39726-deec-c4f7-824b-1e41432b6b87" executionId="5dfef9bf-6002-4af6-b9d4-b7c92b4c7f8d" testListId="8c84fa94-04c1-424b-9868-57a2d4851a1d" />
    <TestEntry testId="b1842f56-d68c-936e-0289-fc1c1f6a341f" executionId="80da6591-471d-4920-b667-0e3085d08ec0" testListId="8c84fa94-04c1-424b-9868-57a2d4851a1d" />
    <TestEntry testId="ea353cbf-1840-4b47-9557-83373d54727c" executionId="c2f62edb-7293-4d42-958c-ac8e1cc4ade9" testListId="8c84fa94-04c1-424b-9868-57a2d4851a1d" />
    <TestEntry testId="68db09fd-1e84-1d00-a06a-8d3d340b6754" executionId="46eb2a69-fbba-48d0-bbd2-7bbf739a3916" testListId="8c84fa94-04c1-424b-9868-57a2d4851a1d" />
    <TestEntry testId="affe1ef8-a55d-611e-f219-a825233a32ae" executionId="c28876f9-74dc-4676-a2c0-99d748da988e" testListId="8c84fa94-04c1-424b-9868-57a2d4851a1d" />
    <TestEntry testId="ac390c29-8921-eb5c-8cbb-15dff0c6c040" executionId="f895acae-0e0c-4038-9bd5-c05bf6588218" testListId="8c84fa94-04c1-424b-9868-57a2d4851a1d" />
    <TestEntry testId="2034f3b2-84ce-b459-b009-777707c460e9" executionId="995d7f60-1b87-4faf-9582-cfdac8648da2" testListId="8c84fa94-04c1-424b-9868-57a2d4851a1d" />
    <TestEntry testId="818a96ef-af23-e852-2659-31e5781f9e2c" executionId="eccd540b-5b45-41a0-b0b8-cd1eb9234ba3" testListId="8c84fa94-04c1-424b-9868-57a2d4851a1d" />
    <TestEntry testId="386c50f6-2d09-529c-8336-cdd485ffb439" executionId="9e1ea899-912a-4fee-933e-2577287d621d" testListId="8c84fa94-04c1-424b-9868-57a2d4851a1d" />
    <TestEntry testId="b1c5d96c-054d-4348-7a86-0ce106021a41" executionId="d4285e81-2fa1-461f-97f7-066554a3dc64" testListId="8c84fa94-04c1-424b-9868-57a2d4851a1d" />
    <TestEntry testId="715794aa-fc77-0689-abff-ac88adbeef1b" executionId="705fcd76-0d36-48a5-bb27-9ab5bdb87ea2" testListId="8c84fa94-04c1-424b-9868-57a2d4851a1d" />
    <TestEntry testId="81c26981-166a-e776-7c32-8b14e45e71af" executionId="a0fb3eb6-a634-4283-89c0-8eb94d53b878" testListId="8c84fa94-04c1-424b-9868-57a2d4851a1d" />
    <TestEntry testId="7ad6c21f-feaf-20c3-6794-ee2d02f21a1c" executionId="fc0a88af-8e10-426d-9858-24664d94aca8" testListId="8c84fa94-04c1-424b-9868-57a2d4851a1d" />
  </TestEntries>
  <Results>
    <UnitTestResult executionId="611cc747-01ef-44a7-8ab2-b99474dfb6d6" testId="414c1d58-8de9-a775-6ff6-4a9efb4178ab" testName="CreateCtorTest" computerName="WATSON1491" duration="00:00:00.0704644" startTime="2012-03-18T19:25:05.7575005-06:00" endTime="2012-03-18T19:25:08.7456714-06:00" testType="13cdc9d9-ddb5-4fa4-a97d-d965ccfc6d4b" outcome="Passed" testListId="8c84fa94-04c1-424b-9868-57a2d4851a1d" relativeResultsDirectory="611cc747-01ef-44a7-8ab2-b99474dfb6d6">
    </UnitTestResult>
    <UnitTestResult executionId="7cad1cab-5d65-4a0f-977b-fb626b307ef6" testId="920909e7-20b2-d96d-ce3c-d1b8d6e41092" testName="ReopenTest" computerName="WATSON1491" duration="00:00:00.1826300" startTime="2012-03-18T19:25:08.7846737-06:00" endTime="2012-03-18T19:25:08.9756846-06:00" testType="13cdc9d9-ddb5-4fa4-a97d-d965ccfc6d4b" outcome="Passed" testListId="8c84fa94-04c1-424b-9868-57a2d4851a1d" relativeResultsDirectory="7cad1cab-5d65-4a0f-977b-fb626b307ef6">
    </UnitTestResult>
    <UnitTestResult executionId="0c1fab6d-386c-4139-bc37-b4717606cd85" testId="b1852ad4-9275-e058-ea39-b89e2980d650" testName="PutTest" computerName="WATSON1491" duration="00:00:00.0021075" startTime="2012-03-18T19:25:09.3177042-06:00" endTime="2012-03-18T19:25:09.3427056-06:00" testType="13cdc9d9-ddb5-4fa4-a97d-d965ccfc6d4b" outcome="Passed" testListId="8c84fa94-04c1-424b-9868-57a2d4851a1d" relativeResultsDirectory="0c1fab6d-386c-4139-bc37-b4717606cd85">
    </UnitTestResult>
    <UnitTestResult executionId="e316e9b0-16f4-4e4a-abf5-e53101e50c1f" testId="4aeb4eda-2347-4daf-0915-85bd224c5d85" testName="GetTest" computerName="WATSON1491" duration="00:00:00.0253614" startTime="2012-03-18T19:25:09.3567064-06:00" endTime="2012-03-18T19:25:09.3897083-06:00" testType="13cdc9d9-ddb5-4fa4-a97d-d965ccfc6d4b" outcome="Passed" testListId="8c84fa94-04c1-424b-9868-57a2d4851a1d" relativeResultsDirectory="e316e9b0-16f4-4e4a-abf5-e53101e50c1f">
    </UnitTestResult>
    <UnitTestResult executionId="1e236a63-79bb-42b8-a000-d9f883420b3f" testId="71ffb975-3ee7-3930-0f3e-7889b95a130e" testName="CloseTest" computerName="WATSON1491" duration="00:00:00.0030536" startTime="2012-03-18T19:25:09.4417112-06:00" endTime="2012-03-18T19:25:09.4527119-06:00" testType="13cdc9d9-ddb5-4fa4-a97d-d965ccfc6d4b" outcome="Passed" testListId="8c84fa94-04c1-424b-9868-57a2d4851a1d" relativeResultsDirectory="1e236a63-79bb-42b8-a000-d9f883420b3f">
    </UnitTestResult>
    <UnitTestResult executionId="9cbe3897-9914-4146-b29d-25b1f185126f" testId="17c74e86-2a6c-cb27-d667-6f54dbf65bde" testName="GetElementSizeTest" computerName="WATSON1491" duration="00:00:00.0009765" startTime="2012-03-18T19:25:09.4737131-06:00" endTime="2012-03-18T19:25:09.4817135-06:00" testType="13cdc9d9-ddb5-4fa4-a97d-d965ccfc6d4b" outcome="Passed" testListId="8c84fa94-04c1-424b-9868-57a2d4851a1d" relativeResultsDirectory="9cbe3897-9914-4146-b29d-25b1f185126f">
    </UnitTestResult>
    <UnitTestResult executionId="b6e15116-6204-4c40-b05e-ba59ac5f3d4b" testId="a98f558f-9bab-5d3b-882a-663d5ff5ae97" testName="GetUserHeaderSizeTest" computerName="WATSON1491" duration="00:00:00.0062722" startTime="2012-03-18T19:25:09.5067150-06:00" endTime="2012-03-18T19:25:09.5187157-06:00" testType="13cdc9d9-ddb5-4fa4-a97d-d965ccfc6d4b" outcome="Passed" testListId="8c84fa94-04c1-424b-9868-57a2d4851a1d" relativeResultsDirectory="b6e15116-6204-4c40-b05e-ba59ac5f3d4b">
    </UnitTestResult>
    <UnitTestResult executionId="5dfef9bf-6002-4af6-b9d4-b7c92b4c7f8d" testId="c5e39726-deec-c4f7-824b-1e41432b6b87" testName="GetNextIndexTest" computerName="WATSON1491" duration="00:00:00.0011807" startTime="2012-03-18T19:25:09.5347166-06:00" endTime="2012-03-18T19:25:09.5427170-06:00" testType="13cdc9d9-ddb5-4fa4-a97d-d965ccfc6d4b" outcome="Passed" testListId="8c84fa94-04c1-424b-9868-57a2d4851a1d" relativeResultsDirectory="5dfef9bf-6002-4af6-b9d4-b7c92b4c7f8d">
    </UnitTestResult>
    <UnitTestResult executionId="80da6591-471d-4920-b667-0e3085d08ec0" testId="b1842f56-d68c-936e-0289-fc1c1f6a341f" testName="WipeIndexTest" computerName="WATSON1491" duration="00:00:00.0015394" startTime="2012-03-18T19:25:09.5627182-06:00" endTime="2012-03-18T19:25:09.5787191-06:00" testType="13cdc9d9-ddb5-4fa4-a97d-d965ccfc6d4b" outcome="Passed" testListId="8c84fa94-04c1-424b-9868-57a2d4851a1d" relativeResultsDirectory="80da6591-471d-4920-b667-0e3085d08ec0">
    </UnitTestResult>
    <UnitTestResult executionId="c2f62edb-7293-4d42-958c-ac8e1cc4ade9" testId="ea353cbf-1840-4b47-9557-83373d54727c" testName="LRUDoublyLinkedListCtorTest" computerName="WATSON1491" duration="00:00:00.0002958" startTime="2012-03-18T19:25:09.5927199-06:00" endTime="2012-03-18T19:25:09.5997203-06:00" testType="13cdc9d9-ddb5-4fa4-a97d-d965ccfc6d4b" outcome="Passed" testListId="8c84fa94-04c1-424b-9868-57a2d4851a1d" relativeResultsDirectory="c2f62edb-7293-4d42-958c-ac8e1cc4ade9">
    </UnitTestResult>
    <UnitTestResult executionId="46eb2a69-fbba-48d0-bbd2-7bbf739a3916" testId="68db09fd-1e84-1d00-a06a-8d3d340b6754" testName="GetTest" computerName="WATSON1491" duration="00:00:00.0135494" startTime="2012-03-18T19:25:09.6107209-06:00" endTime="2012-03-18T19:25:09.6317221-06:00" testType="13cdc9d9-ddb5-4fa4-a97d-d965ccfc6d4b" outcome="Passed" testListId="8c84fa94-04c1-424b-9868-57a2d4851a1d" relativeResultsDirectory="46eb2a69-fbba-48d0-bbd2-7bbf739a3916">
    </UnitTestResult>
    <UnitTestResult executionId="c28876f9-74dc-4676-a2c0-99d748da988e" testId="affe1ef8-a55d-611e-f219-a825233a32ae" testName="InsertTest" computerName="WATSON1491" duration="00:00:00.0010920" startTime="2012-03-18T19:25:09.6467230-06:00" endTime="2012-03-18T19:25:09.6547234-06:00" testType="13cdc9d9-ddb5-4fa4-a97d-d965ccfc6d4b" outcome="Passed" testListId="8c84fa94-04c1-424b-9868-57a2d4851a1d" relativeResultsDirectory="c28876f9-74dc-4676-a2c0-99d748da988e">
    </UnitTestResult>
    <UnitTestResult executionId="f895acae-0e0c-4038-9bd5-c05bf6588218" testId="ac390c29-8921-eb5c-8cbb-15dff0c6c040" testName="MoveToHeadTest" computerName="WATSON1491" duration="00:00:00.0005429" startTime="2012-03-18T19:25:09.6717244-06:00" endTime="2012-03-18T19:25:09.6787248-06:00" testType="13cdc9d9-ddb5-4fa4-a97d-d965ccfc6d4b" outcome="Passed" testListId="8c84fa94-04c1-424b-9868-57a2d4851a1d" relativeResultsDirectory="f895acae-0e0c-4038-9bd5-c05bf6588218">
    </UnitTestResult>
    <UnitTestResult executionId="995d7f60-1b87-4faf-9582-cfdac8648da2" testId="2034f3b2-84ce-b459-b009-777707c460e9" testName="RemoveEndTest" computerName="WATSON1491" duration="00:00:00.0006884" startTime="2012-03-18T19:25:09.6907255-06:00" endTime="2012-03-18T19:25:09.6987259-06:00" testType="13cdc9d9-ddb5-4fa4-a97d-d965ccfc6d4b" outcome="Passed" testListId="8c84fa94-04c1-424b-9868-57a2d4851a1d" relativeResultsDirectory="995d7f60-1b87-4faf-9582-cfdac8648da2">
    </UnitTestResult>
    <UnitTestResult executionId="eccd540b-5b45-41a0-b0b8-cd1eb9234ba3" testId="818a96ef-af23-e852-2659-31e5781f9e2c" testName="LRUElementCacheCtorTest" computerName="WATSON1491" duration="00:00:00.0002897" startTime="2012-03-18T19:25:09.7147269-06:00" endTime="2012-03-18T19:25:09.7207272-06:00" testType="13cdc9d9-ddb5-4fa4-a97d-d965ccfc6d4b" outcome="Passed" testListId="8c84fa94-04c1-424b-9868-57a2d4851a1d" relativeResultsDirectory="eccd540b-5b45-41a0-b0b8-cd1eb9234ba3">
    </UnitTestResult>
    <UnitTestResult executionId="9e1ea899-912a-4fee-933e-2577287d621d" testId="386c50f6-2d09-529c-8336-cdd485ffb439" testName="GetTest" computerName="WATSON1491" duration="00:00:00.0010247" startTime="2012-03-18T19:25:09.7337279-06:00" endTime="2012-03-18T19:25:09.7417284-06:00" testType="13cdc9d9-ddb5-4fa4-a97d-d965ccfc6d4b" outcome="Passed" testListId="8c84fa94-04c1-424b-9868-57a2d4851a1d" relativeResultsDirectory="9e1ea899-912a-4fee-933e-2577287d621d">
    </UnitTestResult>
    <UnitTestResult executionId="d4285e81-2fa1-461f-97f7-066554a3dc64" testId="b1c5d96c-054d-4348-7a86-0ce106021a41" testName="NodeCtorTest" computerName="WATSON1491" duration="00:00:00.0007447" startTime="2012-03-18T19:25:09.7547291-06:00" endTime="2012-03-18T19:25:09.7627296-06:00" testType="13cdc9d9-ddb5-4fa4-a97d-d965ccfc6d4b" outcome="Passed" testListId="8c84fa94-04c1-424b-9868-57a2d4851a1d" relativeResultsDirectory="d4285e81-2fa1-461f-97f7-066554a3dc64">
    </UnitTestResult>
    <UnitTestResult executionId="705fcd76-0d36-48a5-bb27-9ab5bdb87ea2" testId="715794aa-fc77-0689-abff-ac88adbeef1b" testName="SetChildTest" computerName="WATSON1491" duration="00:00:00.0003152" startTime="2012-03-18T19:25:09.7787305-06:00" endTime="2012-03-18T19:25:09.7887311-06:00" testType="13cdc9d9-ddb5-4fa4-a97d-d965ccfc6d4b" outcome="Passed" testListId="8c84fa94-04c1-424b-9868-57a2d4851a1d" relativeResultsDirectory="705fcd76-0d36-48a5-bb27-9ab5bdb87ea2">
    </UnitTestResult>
    <UnitTestResult executionId="a0fb3eb6-a634-4283-89c0-8eb94d53b878" testId="81c26981-166a-e776-7c32-8b14e45e71af" testName="SetParentTest" computerName="WATSON1491" duration="00:00:00.0003164" startTime="2012-03-18T19:25:09.8087322-06:00" endTime="2012-03-18T19:25:09.8227330-06:00" testType="13cdc9d9-ddb5-4fa4-a97d-d965ccfc6d4b" outcome="Passed" testListId="8c84fa94-04c1-424b-9868-57a2d4851a1d" relativeResultsDirectory="a0fb3eb6-a634-4283-89c0-8eb94d53b878">
    </UnitTestResult>
    <UnitTestResult executionId="fc0a88af-8e10-426d-9858-24664d94aca8" testId="7ad6c21f-feaf-20c3-6794-ee2d02f21a1c" testName="PutGetUserHeaderTest" computerName="WATSON1491" duration="00:00:10.1785822" startTime="2012-03-18T19:25:09.8347337-06:00" endTime="2012-03-18T19:25:20.0133159-06:00" testType="13cdc9d9-ddb5-4fa4-a97d-d965ccfc6d4b" outcome="Aborted" testListId="8c84fa94-04c1-424b-9868-57a2d4851a1d" relativeResultsDirectory="fc0a88af-8e10-426d-9858-24664d94aca8">
    </UnitTestResult>
  </Results>
</TestRun>